============================= test session starts =============================
platform win32 -- Python 3.12.10, pytest-9.0.2, pluggy-1.6.0 -- C:\Users\Wesley Lino\AppData\Local\Programs\Python\Python312\python.exe
cachedir: .pytest_cache
rootdir: C:\Users\Wesley Lino\Documents\ProjetosApp\appDayTradeLOCAL
configfile: pytest.ini
plugins: anyio-4.12.1
collecting ... collected 16 items

amd_gpu_test.py::test_amd_gpu_usage PASSED                               [  6%]
backend/test_dummy.py::test_ci_ok PASSED                                 [ 12%]
test_ai_sentiment.py::test_integration FAILED                            [ 18%]
test_endpoints.py::test ERROR                                            [ 25%]
test_sentiment.py::test PASSED                                           [ 31%]
tests/test_ai_decision.py::TestAIDecision::test_conflicting_signal PASSED [ 37%]
tests/test_ai_decision.py::TestAIDecision::test_neutral_signal FAILED    [ 43%]
tests/test_ai_decision.py::TestAIDecision::test_strong_buy_signal FAILED [ 50%]
tests/test_ai_decision.py::TestAIDecision::test_super_strong_sell_signal FAILED [ 56%]
tests/test_oco_logic.py::TestOCOLogic::test_unknown_asset PASSED         [ 62%]
tests/test_oco_logic.py::TestOCOLogic::test_wdo_sell_oco PASSED          [ 68%]
tests/test_oco_logic.py::TestOCOLogic::test_win_buy_oco FAILED           [ 75%]
tests/test_risk_management_refinement.py::TestRiskManagementRefinement::test_validate_market_condition_extreme_volatility PASSED [ 81%]
tests/test_risk_management_refinement.py::TestRiskManagementRefinement::test_validate_market_condition_regime_noise PASSED [ 87%]
tests/test_risk_management_refinement.py::TestRiskManagementRefinement::test_validate_market_condition_success PASSED [ 93%]
tests/test_risk_management_refinement.py::TestRiskManagementRefinement::test_validate_market_condition_undefined_regime PASSED [100%]

=================================== ERRORS ====================================
___________________________ ERROR at setup of test ____________________________
file C:\Users\Wesley Lino\Documents\ProjetosApp\appDayTradeLOCAL\test_endpoints.py, line 12
  def test(name, url, method="GET", body=None, expected_status=200):
E       fixture 'name' not found
>       available fixtures: anyio_backend, anyio_backend_name, anyio_backend_options, cache, capfd, capfdbinary, caplog, capsys, capsysbinary, capteesys, doctest_namespace, free_tcp_port, free_tcp_port_factory, free_udp_port, free_udp_port_factory, monkeypatch, pytestconfig, record_property, record_testsuite_property, record_xml_attribute, recwarn, subtests, tmp_path, tmp_path_factory, tmpdir, tmpdir_factory
>       use 'pytest --fixtures [testpath]' for help on them.

C:\Users\Wesley Lino\Documents\ProjetosApp\appDayTradeLOCAL\test_endpoints.py:12
================================== FAILURES ===================================
______________________________ test_integration _______________________________
async def functions are not natively supported.
You need to install a suitable plugin for your async framework, for example:
  - anyio
  - pytest-asyncio
  - pytest-tornasync
  - pytest-trio
  - pytest-twisted
_____________________ TestAIDecision.test_neutral_signal ______________________

self = <test_ai_decision.TestAIDecision testMethod=test_neutral_signal>

    def test_neutral_signal(self):
        """Testa cenßrio neutro."""
        obi = 0.1
        sentiment = 0.0
        patchtst = 0.5 # Norm 0.0
    
        decision = self.ai.calculate_decision(obi, sentiment, patchtst)
        print(f"\nNeutral Case: {decision}")
        self.assertEqual(decision['direction'], "NEUTRAL")
>       self.assertTrue(45.0 <= decision['score'] <= 55.0)
E       AssertionError: False is not true

tests\test_ai_decision.py:58: AssertionError
---------------------------- Captured stdout call -----------------------------

Neutral Case: {'score': 66.5512797832489, 'direction': 'NEUTRAL', 'forecast': 1.0, 'quantile_confidence': 'NORMAL', 'breakdown': {'obi_contribution': 0.05, 'patchtst_contribution': 0.0, 'sentiment_contribution': 0.0, 'raw_signal': 0.05, 'ai_score_raw': 52.5, 'meta_score': 75.91879963874817, 'q10': None, 'q50': None, 'q90': None, 'veto': None}}
____________________ TestAIDecision.test_strong_buy_signal ____________________

self = <test_ai_decision.TestAIDecision testMethod=test_strong_buy_signal>

    def test_strong_buy_signal(self):
        """Testa um cenßrio de compra forte onde todos indicadores sÒo positivos."""
        obi = 0.9          # Compra forte no book
        sentiment = 0.8    # NotÝcias otimistas
        patchtst = 0.9     # PrevisÒo de alta (Norm: (0.9-0.5)*2 = 0.8)
    
        # Norm PatchTST = 0.8
        # Composite = (0.9 * 0.3) + (0.8 * 0.5) + (0.8 * 0.2)
        # Weights (regime 0): obi 0.3, patch 0.5, sent 0.2?
        # Wait, strictly following ai_core logic:
        # regime default is 0? No, check ai.calculate_decision default.
    
        decision = self.ai.calculate_decision(obi, sentiment, patchtst)
    
        print(f"\nStrong Buy Case: {decision}")
>       self.assertEqual(decision['direction'], "BUY")
E       AssertionError: 'NEUTRAL' != 'BUY'
E       - NEUTRAL
E       + BUY

tests\test_ai_decision.py:30: AssertionError
---------------------------- Captured stdout call -----------------------------

Strong Buy Case: {'score': 77.84843754768372, 'direction': 'NEUTRAL', 'forecast': 1.0, 'quantile_confidence': 'NORMAL', 'breakdown': {'obi_contribution': 0.45, 'patchtst_contribution': 0.24, 'sentiment_contribution': 0.16000000000000003, 'raw_signal': 0.85, 'ai_score_raw': 92.5, 'meta_score': 68.08072924613953, 'q10': None, 'q50': None, 'q90': None, 'veto': None}}
________________ TestAIDecision.test_super_strong_sell_signal _________________

self = <test_ai_decision.TestAIDecision testMethod=test_super_strong_sell_signal>

    def test_super_strong_sell_signal(self):
        """Testa um cenßrio de venda extrema."""
        obi = -0.9         # Venda forte
        sentiment = -0.9   # PÔnico
        patchtst = 0.05    # PrevisÒo de queda forte
    
        decision = self.ai.calculate_decision(obi, sentiment, patchtst)
    
        print(f"\nSuper Sell Case: {decision}")
>       self.assertEqual(decision['direction'], "SELL")
E       AssertionError: 'NEUTRAL' != 'SELL'
E       - NEUTRAL
E       + SELL

tests\test_ai_decision.py:44: AssertionError
---------------------------- Captured stdout call -----------------------------

Super Sell Case: {'score': 44.231645584106445, 'direction': 'NEUTRAL', 'forecast': 1.0, 'quantile_confidence': 'NORMAL', 'breakdown': {'obi_contribution': -0.45, 'patchtst_contribution': -0.27, 'sentiment_contribution': -0.18000000000000002, 'raw_signal': -0.9, 'ai_score_raw': 4.999999999999999, 'meta_score': 70.38607597351074, 'q10': None, 'q50': None, 'q90': None, 'veto': None}}
________________________ TestOCOLogic.test_win_buy_oco ________________________

self = <test_oco_logic.TestOCOLogic testMethod=test_win_buy_oco>

    def test_win_buy_oco(self):
        # WIN Buy at 120000
        # Expected: SL 150 pts (119850), TP 300 pts (120300)
        # Anti-Violinada (WIN): TP 120300 (round) -> 120285 (front-run resistance)
        # SL 119850 (not round 100) -> 119850 (unchanged)
        params = self.risk.get_order_params("WINJ24", mt5.ORDER_TYPE_BUY_LIMIT, 120000.0, 1)
    
>       self.assertEqual(params['sl'], 119850.0)
E       AssertionError: 119870.0 != 119850.0

tests\test_oco_logic.py:20: AssertionError
============================== warnings summary ===============================
backend\ai_core.py:8
  C:\Users\Wesley Lino\Documents\ProjetosApp\appDayTradeLOCAL\backend\ai_core.py:8: FutureWarning: 
  
  All support for the `google.generativeai` package has ended. It will no longer be receiving 
  updates or bug fixes. Please switch to the `google.genai` package as soon as possible.
  See README for more details:
  
  https://github.com/google-gemini/deprecated-generative-ai-python/blob/main/README.md
  
    import google.generativeai as genai

-- Docs: https://docs.pytest.org/en/stable/how-to/capture-warnings.html
=========================== short test summary info ===========================
FAILED test_ai_sentiment.py::test_integration - Failed: async def functions a...
FAILED tests/test_ai_decision.py::TestAIDecision::test_neutral_signal - Asser...
FAILED tests/test_ai_decision.py::TestAIDecision::test_strong_buy_signal - As...
FAILED tests/test_ai_decision.py::TestAIDecision::test_super_strong_sell_signal
FAILED tests/test_oco_logic.py::TestOCOLogic::test_win_buy_oco - AssertionErr...
ERROR test_endpoints.py::test
============== 5 failed, 10 passed, 1 warning, 1 error in 9.41s ===============
