python : C:\Users\Wesley Lino\Documents\ProjetosApp\ap
pDayTradeLOCAL\backend\ai_core.py:18: FutureWarning: 
No linha:1 caractere:22
+ ... ONPATH="."; python 
backend/test_order_execution.py > test_output.txt  ...
+                 ~~~~~~~~~~~~~~~~~~~~~~~~~~~~~~~~~~~~
~~~~~~~~~~~~~~~~~~~~~
    + CategoryInfo          : NotSpecified: (C:\Users 
   \Wesley...FutureWarning: :String) [], RemoteExcep  
  tion
    + FullyQualifiedErrorId : NativeCommandError
 

All support for the `google.generativeai` package has 
ended. It will no longer be receiving 
updates or bug fixes. Please switch to the 
`google.genai` package as soon as possible.
See README for more details:

https://github.com/google-gemini/deprecated-generative
-ai-python/blob/main/README.md

  import google.generativeai as genai
2026-03-09 15:22:40,978 - DEBUG - Using proactor: 
IocpProactor
Traceback (most recent call last):
  File "C:\Users\Wesley Lino\Documents\ProjetosApp\app
DayTradeLOCAL\backend\test_order_execution.py", line 
88, in <module>
    asyncio.run(test_end_to_end_execution())
  File "C:\Users\Wesley Lino\AppData\Local\Programs\Py
thon\Python312\Lib\asyncio\runners.py", line 195, in 
run
    return runner.run(main)
           ^^^^^^^^^^^^^^^^
  File "C:\Users\Wesley Lino\AppData\Local\Programs\Py
thon\Python312\Lib\asyncio\runners.py", line 118, in 
run
    return self._loop.run_until_complete(task)
           ^^^^^^^^^^^^^^^^^^^^^^^^^^^^^^^^^^^
  File "C:\Users\Wesley Lino\AppData\Local\Programs\Py
thon\Python312\Lib\asyncio\base_events.py", line 691, 
in run_until_complete
    return future.result()
           ^^^^^^^^^^^^^^^
  File "C:\Users\Wesley Lino\Documents\ProjetosApp\app
DayTradeLOCAL\backend\test_order_execution.py", line 
12, in test_end_to_end_execution
    print("\U0001f680 Iniciando Teste de ExecuþÒo 
Ponta a Ponta (SimulaþÒo)...")
  File "C:\Users\Wesley Lino\AppData\Local\Programs\Py
thon\Python312\Lib\encodings\cp1252.py", line 19, in 
encode
    return codecs.charmap_encode(input,self.errors,enc
oding_table)[0]
           ^^^^^^^^^^^^^^^^^^^^^^^^^^^^^^^^^^^^^^^^^^^
^^^^^^^^^^^^
UnicodeEncodeError: 'charmap' codec can't encode 
character '\U0001f680' in position 0: character maps 
to <undefined>
