python : C:\Users\Wesley 
Lino\Documents\ProjetosApp\appDayTradeLOCAL\backend\ai_core.py:1: 
FutureWarning: 
No linha:1 caractere:1
+ python backend/verify_sota_3lots_prev_day.py > backend/test_output.tx ...
+ ~~~~~~~~~~~~~~~~~~~~~~~~~~~~~~~~~~~~~~~~~~~~~~~~~~~~~~~~~~~~~~~~~~~~~
    + CategoryInfo          : NotSpecified: (C:\Users\Wesley...FutureWarning:  
   :String) [], RemoteException
    + FullyQualifiedErrorId : NativeCommandError
 

All support for the `google.generativeai` package has ended. It will no longer 
be receiving 
updates or bug fixes. Please switch to the `google.genai` package as soon as 
possible.
See README for more details:

https://github.com/google-gemini/deprecated-generative-ai-python/blob/main/READ
ME.md

  import google.generativeai as genai
INFO:root:Nenhum modelo Meta-Learner encontrado. Operando em modo coleta de 
dados.
INFO:root:ƒöì INFERENCE ENGINE: Iniciando carregamento de 
backend/patchtst_weights_sota_optimized.onnx
INFO:root:ƒÜÇ INFERENCE ENGINE: Tentando ONNX com 
backend/patchtst_weights_sota_optimized.onnx...
INFO:root:Ô£à INFERENCE ENGINE: ONNX Runtime Ativo | Provider: 
DmlExecutionProvider
INFO:root:­ƒöÑ DirectML Warm-up Conclu├¡do (Channels: 5).
INFO:root:­ƒºá Motor de Infer├¬ncia SOTA carregado.
INFO:root:­ƒôÑ Coletando 600 candles do DIA ANTERIOR para WIN$...
INFO:root:Conectado com sucesso!
INFO:root:Servidor: GenialInvestimentos-PRD
INFO:root:Corretora: Genial Investimentos Corretora de Valores Mobili├írios 
S.A.
INFO:root:Conta: 4635067
INFO:root:Saldo: R$ 0.00
INFO:root:[OK] Servidor Genial Verificado: GenialInvestimentos-PRD
INFO:root:[OK] AlgoTrading: ATIVADO (Negociacao Permitida)
INFO:root:Ô£à 600 candles carregados (Dia anterior).
INFO:root:­ƒÜÇ Iniciando Simula├º├úo High Fidelity...
INFO:root:ƒôà Mudan├ºa de dia detectada (2026-02-18 -> 2026-02-19). Resetando 
m├®tricas di├írias.
INFO:root:ƒÄ» V22 TRIGGER [CONSOL_SCALP]: sell @ 192310.0 | Vol Spike: 1.7x | 
RSI: 83.8
INFO:root:­ƒÅü Simula├º├úo conclu├¡da.
­ƒôê Iniciando Verifica├º├úo DIA ANTERIOR: 3 Contratos / Cap R$ 1000

==================================================
RELATORIO DO PASSADO (WIN$)
==================================================
Saldo Inicial: R$ 1000.00
Saldo Final:   R$ 910.00
Lucro L├¡quido: R$ -90.00
Total Trades:  1
Win Rate:      0.0%
Profit Factor: 0.00
Max Drawdown:  9.00%

Relat├│rio Visual salvo em: backend/backtest_report.html
==================================================

--- DETALHAMENTO DE TRADES ---
Trade 1: SELL em 2026-02-19 14:18:00 | Sa├¡da: 2026-02-19 14:20:00 | Pontos: -150.0 | R$ -90.00 (SL)
